// Jest Snapshot v1, https://goo.gl/fbAQLP

exports[`extract extract messages into en.json 1`] = `
Array [
  Object {
    "defaultMessage": "Hello {name}, you have {unreadCount, number} {unreadCount, plural, one {message} other {messages}}",
    "files": Array [
      "src/App.js",
    ],
    "id": "welcome",
    "message": "",
  },
]
`;

exports[`extract runs extract 1`] = `
Array [
  Object {
    "defaultMessage": "Hello {name}, you have {unreadCount, number} {unreadCount, plural, one {message} other {messages}}",
    "files": Array [
      "src/App.js",
    ],
    "id": "welcome",
    "message": "",
  },
]
`;
